../ECUAL/LCD16x2/../../util/DWT_Delay.h:18:22:DWT_Delay_us	24	static
../ECUAL/LCD16x2/../../util/DWT_Delay.h:27:22:DWT_Delay_ms	24	static
../ECUAL/LCD16x2/LCD16x2.c:14:6:LCD_DATA	16	static
../ECUAL/LCD16x2/LCD16x2.c:33:6:LCD_CMD	16	static
../ECUAL/LCD16x2/LCD16x2.c:45:6:LCD_Clear	8	static
../ECUAL/LCD16x2/LCD16x2.c:50:6:LCD_Set_Cursor	24	static
../ECUAL/LCD16x2/LCD16x2.c:71:6:LCD_Init	48	static
../ECUAL/LCD16x2/LCD16x2.c:119:6:LCD_Write_Char	24	static
../ECUAL/LCD16x2/LCD16x2.c:139:6:LCD_Write_String	24	static
../ECUAL/LCD16x2/LCD16x2.c:145:6:LCD_SL	8	static
../ECUAL/LCD16x2/LCD16x2.c:151:6:LCD_SR	8	static
