Archive member included to satisfy reference by file (symbol)

c:/st/stm32cubeide_1.10.1/stm32cubeide/plugins/com.st.stm32cube.ide.mcu.externaltools.gnu-tools-for-stm32.10.3-2021.10.win32_1.0.0.202111181127/tools/bin/../lib/gcc/arm-none-eabi/10.3.1/../../../../arm-none-eabi/lib/thumb/v7e-m+fp/hard\libc_nano.a(lib_a-errno.o)
                              ./Core/Src/syscalls.o (__errno)
c:/st/stm32cubeide_1.10.1/stm32cubeide/plugins/com.st.stm32cube.ide.mcu.externaltools.gnu-tools-for-stm32.10.3-2021.10.win32_1.0.0.202111181127/tools/bin/../lib/gcc/arm-none-eabi/10.3.1/../../../../arm-none-eabi/lib/thumb/v7e-m+fp/hard\libc_nano.a(lib_a-exit.o)
                              c:/st/stm32cubeide_1.10.1/stm32cubeide/plugins/com.st.stm32cube.ide.mcu.externaltools.gnu-tools-for-stm32.10.3-2021.10.win32_1.0.0.202111181127/tools/bin/../lib/gcc/arm-none-eabi/10.3.1/../../../../arm-none-eabi/lib/thumb/v7e-m+fp/hard/crt0.o (exit)
c:/st/stm32cubeide_1.10.1/stm32cubeide/plugins/com.st.stm32cube.ide.mcu.externaltools.gnu-tools-for-stm32.10.3-2021.10.win32_1.0.0.202111181127/tools/bin/../lib/gcc/arm-none-eabi/10.3.1/../../../../arm-none-eabi/lib/thumb/v7e-m+fp/hard\libc_nano.a(lib_a-impure.o)
                              c:/st/stm32cubeide_1.10.1/stm32cubeide/plugins/com.st.stm32cube.ide.mcu.externaltools.gnu-tools-for-stm32.10.3-2021.10.win32_1.0.0.202111181127/tools/bin/../lib/gcc/arm-none-eabi/10.3.1/../../../../arm-none-eabi/lib/thumb/v7e-m+fp/hard\libc_nano.a(lib_a-exit.o) (_global_impure_ptr)
c:/st/stm32cubeide_1.10.1/stm32cubeide/plugins/com.st.stm32cube.ide.mcu.externaltools.gnu-tools-for-stm32.10.3-2021.10.win32_1.0.0.202111181127/tools/bin/../lib/gcc/arm-none-eabi/10.3.1/../../../../arm-none-eabi/lib/thumb/v7e-m+fp/hard\libc_nano.a(lib_a-init.o)
                              c:/st/stm32cubeide_1.10.1/stm32cubeide/plugins/com.st.stm32cube.ide.mcu.externaltools.gnu-tools-for-stm32.10.3-2021.10.win32_1.0.0.202111181127/tools/bin/../lib/gcc/arm-none-eabi/10.3.1/../../../../arm-none-eabi/lib/thumb/v7e-m+fp/hard/crt0.o (__libc_init_array)
c:/st/stm32cubeide_1.10.1/stm32cubeide/plugins/com.st.stm32cube.ide.mcu.externaltools.gnu-tools-for-stm32.10.3-2021.10.win32_1.0.0.202111181127/tools/bin/../lib/gcc/arm-none-eabi/10.3.1/../../../../arm-none-eabi/lib/thumb/v7e-m+fp/hard\libc_nano.a(lib_a-memset.o)
                              c:/st/stm32cubeide_1.10.1/stm32cubeide/plugins/com.st.stm32cube.ide.mcu.externaltools.gnu-tools-for-stm32.10.3-2021.10.win32_1.0.0.202111181127/tools/bin/../lib/gcc/arm-none-eabi/10.3.1/../../../../arm-none-eabi/lib/thumb/v7e-m+fp/hard/crt0.o (memset)
c:/st/stm32cubeide_1.10.1/stm32cubeide/plugins/com.st.stm32cube.ide.mcu.externaltools.gnu-tools-for-stm32.10.3-2021.10.win32_1.0.0.202111181127/tools/bin/../lib/gcc/arm-none-eabi/10.3.1/thumb/v7e-m+fp/hard\libgcc.a(_aeabi_uldivmod.o)
                              ./Drivers/STM32F4xx_HAL_Driver/Src/stm32f4xx_hal_rcc.o (__aeabi_uldivmod)
c:/st/stm32cubeide_1.10.1/stm32cubeide/plugins/com.st.stm32cube.ide.mcu.externaltools.gnu-tools-for-stm32.10.3-2021.10.win32_1.0.0.202111181127/tools/bin/../lib/gcc/arm-none-eabi/10.3.1/thumb/v7e-m+fp/hard\libgcc.a(_udivmoddi4.o)
                              c:/st/stm32cubeide_1.10.1/stm32cubeide/plugins/com.st.stm32cube.ide.mcu.externaltools.gnu-tools-for-stm32.10.3-2021.10.win32_1.0.0.202111181127/tools/bin/../lib/gcc/arm-none-eabi/10.3.1/thumb/v7e-m+fp/hard\libgcc.a(_aeabi_uldivmod.o) (__udivmoddi4)
c:/st/stm32cubeide_1.10.1/stm32cubeide/plugins/com.st.stm32cube.ide.mcu.externaltools.gnu-tools-for-stm32.10.3-2021.10.win32_1.0.0.202111181127/tools/bin/../lib/gcc/arm-none-eabi/10.3.1/thumb/v7e-m+fp/hard\libgcc.a(_dvmd_tls.o)
                              c:/st/stm32cubeide_1.10.1/stm32cubeide/plugins/com.st.stm32cube.ide.mcu.externaltools.gnu-tools-for-stm32.10.3-2021.10.win32_1.0.0.202111181127/tools/bin/../lib/gcc/arm-none-eabi/10.3.1/thumb/v7e-m+fp/hard\libgcc.a(_aeabi_uldivmod.o) (__aeabi_ldiv0)

Discarded input sections

 .text          0x0000000000000000        0x0 c:/st/stm32cubeide_1.10.1/stm32cubeide/plugins/com.st.stm32cube.ide.mcu.externaltools.gnu-tools-for-stm32.10.3-2021.10.win32_1.0.0.202111181127/tools/bin/../lib/gcc/arm-none-eabi/10.3.1/thumb/v7e-m+fp/hard/crti.o
 .data          0x0000000000000000        0x0 c:/st/stm32cubeide_1.10.1/stm32cubeide/plugins/com.st.stm32cube.ide.mcu.externaltools.gnu-tools-for-stm32.10.3-2021.10.win32_1.0.0.202111181127/tools/bin/../lib/gcc/arm-none-eabi/10.3.1/thumb/v7e-m+fp/hard/crti.o
 .bss           0x0000000000000000        0x0 c:/st/stm32cubeide_1.10.1/stm32cubeide/plugins/com.st.stm32cube.ide.mcu.externaltools.gnu-tools-for-stm32.10.3-2021.10.win32_1.0.0.202111181127/tools/bin/../lib/gcc/arm-none-eabi/10.3.1/thumb/v7e-m+fp/hard/crti.o
[...]
Memory Configuration

Name             Origin             Length             Attributes
RAM              0x0000000020000000 0x0000000000020000 xrw
FLASH            0x0000000008000000 0x0000000000080000 xr
*default*        0x0000000000000000 0xffffffffffffffff

Linker script and memory map

LOAD c:/st/stm32cubeide_1.10.1/stm32cubeide/plugins/com.st.stm32cube.ide.mcu.externaltools.gnu-tools-for-stm32.10.3-2021.10.win32_1.0.0.202111181127/tools/bin/../lib/gcc/arm-none-eabi/10.3.1/thumb/v7e-m+fp/hard/crti.o
LOAD c:/st/stm32cubeide_1.10.1/stm32cubeide/plugins/com.st.stm32cube.ide.mcu.externaltools.gnu-tools-for-stm32.10.3-2021.10.win32_1.0.0.202111181127/tools/bin/../lib/gcc/arm-none-eabi/10.3.1/thumb/v7e-m+fp/hard/crtbegin.o
LOAD c:/st/stm32cubeide_1.10.1/stm32cubeide/plugins/com.st.stm32cube.ide.mcu.externaltools.gnu-tools-for-stm32.10.3-2021.10.win32_1.0.0.202111181127/tools/bin/../lib/gcc/arm-none-eabi/10.3.1/../../../../arm-none-eabi/lib/thumb/v7e-m+fp/hard/crt0.o
LOAD ./Core/Src/main.o
LOAD ./Core/Src/stm32f4xx_hal_msp.o
LOAD ./Core/Src/stm32f4xx_it.o
LOAD ./Core/Src/syscalls.o
LOAD ./Core/Src/sysmem.o
LOAD ./Core/Src/system_stm32f4xx.o
LOAD ./Core/Src/util/DWT_Delay.o
LOAD ./Core/Src/util/Timer_Delay.o
LOAD ./Core/Startup/startup_stm32f411retx.o
LOAD ./Drivers/STM32F4xx_HAL_Driver/Src/stm32f4xx_hal.o
LOAD ./Drivers/STM32F4xx_HAL_Driver/Src/stm32f4xx_hal_cortex.o
LOAD ./Drivers/STM32F4xx_HAL_Driver/Src/stm32f4xx_hal_dma.o
LOAD ./Drivers/STM32F4xx_HAL_Driver/Src/stm32f4xx_hal_dma_ex.o
LOAD ./Drivers/STM32F4xx_HAL_Driver/Src/stm32f4xx_hal_exti.o
LOAD ./Drivers/STM32F4xx_HAL_Driver/Src/stm32f4xx_hal_flash.o
LOAD ./Drivers/STM32F4xx_HAL_Driver/Src/stm32f4xx_hal_flash_ex.o
LOAD ./Drivers/STM32F4xx_HAL_Driver/Src/stm32f4xx_hal_flash_ramfunc.o
LOAD ./Drivers/STM32F4xx_HAL_Driver/Src/stm32f4xx_hal_gpio.o
LOAD ./Drivers/STM32F4xx_HAL_Driver/Src/stm32f4xx_hal_pwr.o
LOAD ./Drivers/STM32F4xx_HAL_Driver/Src/stm32f4xx_hal_pwr_ex.o
LOAD ./Drivers/STM32F4xx_HAL_Driver/Src/stm32f4xx_hal_rcc.o
LOAD ./Drivers/STM32F4xx_HAL_Driver/Src/stm32f4xx_hal_rcc_ex.o
LOAD ./Drivers/STM32F4xx_HAL_Driver/Src/stm32f4xx_hal_tim.o
LOAD ./Drivers/STM32F4xx_HAL_Driver/Src/stm32f4xx_hal_tim_ex.o
START GROUP
LOAD c:/st/stm32cubeide_1.10.1/stm32cubeide/plugins/com.st.stm32cube.ide.mcu.externaltools.gnu-tools-for-stm32.10.3-2021.10.win32_1.0.0.202111181127/tools/bin/../lib/gcc/arm-none-eabi/10.3.1/../../../../arm-none-eabi/lib/thumb/v7e-m+fp/hard\libc_nano.a
LOAD c:/st/stm32cubeide_1.10.1/stm32cubeide/plugins/com.st.stm32cube.ide.mcu.externaltools.gnu-tools-for-stm32.10.3-2021.10.win32_1.0.0.202111181127/tools/bin/../lib/gcc/arm-none-eabi/10.3.1/../../../../arm-none-eabi/lib/thumb/v7e-m+fp/hard\libm.a
END GROUP
START GROUP
LOAD c:/st/stm32cubeide_1.10.1/stm32cubeide/plugins/com.st.stm32cube.ide.mcu.externaltools.gnu-tools-for-stm32.10.3-2021.10.win32_1.0.0.202111181127/tools/bin/../lib/gcc/arm-none-eabi/10.3.1/thumb/v7e-m+fp/hard\libgcc.a
LOAD c:/st/stm32cubeide_1.10.1/stm32cubeide/plugins/com.st.stm32cube.ide.mcu.externaltools.gnu-tools-for-stm32.10.3-2021.10.win32_1.0.0.202111181127/tools/bin/../lib/gcc/arm-none-eabi/10.3.1/../../../../arm-none-eabi/lib/thumb/v7e-m+fp/hard\libc_nano.a
END GROUP
START GROUP
LOAD c:/st/stm32cubeide_1.10.1/stm32cubeide/plugins/com.st.stm32cube.ide.mcu.externaltools.gnu-tools-for-stm32.10.3-2021.10.win32_1.0.0.202111181127/tools/bin/../lib/gcc/arm-none-eabi/10.3.1/thumb/v7e-m+fp/hard\libgcc.a
LOAD c:/st/stm32cubeide_1.10.1/stm32cubeide/plugins/com.st.stm32cube.ide.mcu.externaltools.gnu-tools-for-stm32.10.3-2021.10.win32_1.0.0.202111181127/tools/bin/../lib/gcc/arm-none-eabi/10.3.1/../../../../arm-none-eabi/lib/thumb/v7e-m+fp/hard\libc_nano.a
LOAD c:/st/stm32cubeide_1.10.1/stm32cubeide/plugins/com.st.stm32cube.ide.mcu.externaltools.gnu-tools-for-stm32.10.3-2021.10.win32_1.0.0.202111181127/tools/bin/../lib/gcc/arm-none-eabi/10.3.1/../../../../arm-none-eabi/lib/thumb/v7e-m+fp/hard\libnosys.a
END GROUP
START GROUP
LOAD c:/st/stm32cubeide_1.10.1/stm32cubeide/plugins/com.st.stm32cube.ide.mcu.externaltools.gnu-tools-for-stm32.10.3-2021.10.win32_1.0.0.202111181127/tools/bin/../lib/gcc/arm-none-eabi/10.3.1/thumb/v7e-m+fp/hard\libgcc.a
LOAD c:/st/stm32cubeide_1.10.1/stm32cubeide/plugins/com.st.stm32cube.ide.mcu.externaltools.gnu-tools-for-stm32.10.3-2021.10.win32_1.0.0.202111181127/tools/bin/../lib/gcc/arm-none-eabi/10.3.1/../../../../arm-none-eabi/lib/thumb/v7e-m+fp/hard\libc_nano.a
LOAD c:/st/stm32cubeide_1.10.1/stm32cubeide/plugins/com.st.stm32cube.ide.mcu.externaltools.gnu-tools-for-stm32.10.3-2021.10.win32_1.0.0.202111181127/tools/bin/../lib/gcc/arm-none-eabi/10.3.1/../../../../arm-none-eabi/lib/thumb/v7e-m+fp/hard\libnosys.a
END GROUP
LOAD c:/st/stm32cubeide_1.10.1/stm32cubeide/plugins/com.st.stm32cube.ide.mcu.externaltools.gnu-tools-for-stm32.10.3-2021.10.win32_1.0.0.202111181127/tools/bin/../lib/gcc/arm-none-eabi/10.3.1/thumb/v7e-m+fp/hard/crtend.o
LOAD c:/st/stm32cubeide_1.10.1/stm32cubeide/plugins/com.st.stm32cube.ide.mcu.externaltools.gnu-tools-for-stm32.10.3-2021.10.win32_1.0.0.202111181127/tools/bin/../lib/gcc/arm-none-eabi/10.3.1/thumb/v7e-m+fp/hard/crtn.o
                0x0000000020020000                _estack = (ORIGIN (RAM) + LENGTH (RAM))
                0x0000000000000200                _Min_Heap_Size = 0x200
                0x0000000000000400                _Min_Stack_Size = 0x400

.isr_vector     0x0000000008000000      0x198
                0x0000000008000000                . = ALIGN (0x4)
 *(.isr_vector)
 .isr_vector    0x0000000008000000      0x198 ./Core/Startup/startup_stm32f411retx.o
                0x0000000008000000                g_pfnVectors
                0x0000000008000198                . = ALIGN (0x4)

.text           0x0000000008000198     0x1658
                0x0000000008000198                . = ALIGN (0x4)
 *(.text)
 .text          0x0000000008000198       0x40 c:/st/stm32cubeide_1.10.1/stm32cubeide/plugins/com.st.stm32cube.ide.mcu.externaltools.gnu-tools-for-stm32.10.3-2021.10.win32_1.0.0.202111181127/tools/bin/../lib/gcc/arm-none-eabi/10.3.1/thumb/v7e-m+fp/hard/crtbegin.o
 .text          0x00000000080001d8       0x30 c:/st/stm32cubeide_1.10.1/stm32cubeide/plugins/com.st.stm32cube.ide.mcu.externaltools.gnu-tools-for-stm32.10.3-2021.10.win32_1.0.0.202111181127/tools/bin/../lib/gcc/arm-none-eabi/10.3.1/thumb/v7e-m+fp/hard\libgcc.a(_aeabi_uldivmod.o)
                0x00000000080001d8                __aeabi_uldivmod
 .text          0x0000000008000208      0x2d0 c:/st/stm32cubeide_1.10.1/stm32cubeide/plugins/com.st.stm32cube.ide.mcu.externaltools.gnu-tools-for-stm32.10.3-2021.10.win32_1.0.0.202111181127/tools/bin/../lib/gcc/arm-none-eabi/10.3.1/thumb/v7e-m+fp/hard\libgcc.a(_udivmoddi4.o)
                0x0000000008000208                __udivmoddi4
 .text          0x00000000080004d8        0x4 c:/st/stm32cubeide_1.10.1/stm32cubeide/plugins/com.st.stm32cube.ide.mcu.externaltools.gnu-tools-for-stm32.10.3-2021.10.win32_1.0.0.202111181127/tools/bin/../lib/gcc/arm-none-eabi/10.3.1/thumb/v7e-m+fp/hard\libgcc.a(_dvmd_tls.o)
                0x00000000080004d8                __aeabi_idiv0
                0x00000000080004d8                __aeabi_ldiv0
 *(.text*)
 .text.DWT_Delay_us
                0x00000000080004dc       0x50 ./Core/Src/main.o
 .text.main     0x000000000800052c       0x2c ./Core/Src/main.o
                0x000000000800052c                main
 .text.SystemClock_Config
                0x0000000008000558       0xd0 ./Core/Src/main.o
                0x0000000008000558                SystemClock_Config
 .text.MX_GPIO_Init
                0x0000000008000628       0xd0 ./Core/Src/main.o
 .text.Error_Handler
                0x00000000080006f8        0xa ./Core/Src/main.o
                0x00000000080006f8                Error_Handler
 *fill*         0x0000000008000702        0x2 
 .text.HAL_MspInit
                0x0000000008000704       0x50 ./Core/Src/stm32f4xx_hal_msp.o
                0x0000000008000704                HAL_MspInit
 .text.NMI_Handler
                0x0000000008000754        0x6 ./Core/Src/stm32f4xx_it.o
                0x0000000008000754                NMI_Handler
 .text.HardFault_Handler
                0x000000000800075a        0x6 ./Core/Src/stm32f4xx_it.o
                0x000000000800075a                HardFault_Handler
 .text.MemManage_Handler
                0x0000000008000760        0x6 ./Core/Src/stm32f4xx_it.o
                0x0000000008000760                MemManage_Handler
 .text.BusFault_Handler
                0x0000000008000766        0x6 ./Core/Src/stm32f4xx_it.o
                0x0000000008000766                BusFault_Handler
 .text.UsageFault_Handler
                0x000000000800076c        0x6 ./Core/Src/stm32f4xx_it.o
                0x000000000800076c                UsageFault_Handler
 .text.SVC_Handler
                0x0000000008000772        0xe ./Core/Src/stm32f4xx_it.o
                0x0000000008000772                SVC_Handler
 .text.DebugMon_Handler
                0x0000000008000780        0xe ./Core/Src/stm32f4xx_it.o
                0x0000000008000780                DebugMon_Handler
 .text.PendSV_Handler
                0x000000000800078e        0xe ./Core/Src/stm32f4xx_it.o
                0x000000000800078e                PendSV_Handler
 .text.SysTick_Handler
                0x000000000800079c        0xc ./Core/Src/stm32f4xx_it.o
                0x000000000800079c                SysTick_Handler
 .text.SystemInit
                0x00000000080007a8       0x24 ./Core/Src/system_stm32f4xx.o
                0x00000000080007a8                SystemInit
 .text.DWT_Delay_Init
                0x00000000080007cc       0x60 ./Core/Src/util/DWT_Delay.o
                0x00000000080007cc                DWT_Delay_Init
 .text.Reset_Handler
                0x000000000800082c       0x50 ./Core/Startup/startup_stm32f411retx.o
                0x000000000800082c                Reset_Handler
 .text.Default_Handler
                0x000000000800087c        0x2 ./Core/Startup/startup_stm32f411retx.o
                0x000000000800087c                RTC_Alarm_IRQHandler
                0x000000000800087c                EXTI2_IRQHandler
                0x000000000800087c                SPI4_IRQHandler
                0x000000000800087c                TIM1_CC_IRQHandler
                0x000000000800087c                DMA2_Stream5_IRQHandler
                0x000000000800087c                DMA1_Stream5_IRQHandler
                0x000000000800087c                PVD_IRQHandler
                0x000000000800087c                SDIO_IRQHandler
                0x000000000800087c                TAMP_STAMP_IRQHandler
                0x000000000800087c                EXTI3_IRQHandler
                0x000000000800087c                TIM1_UP_TIM10_IRQHandler
                0x000000000800087c                I2C3_ER_IRQHandler
                0x000000000800087c                EXTI0_IRQHandler
                0x000000000800087c                I2C2_EV_IRQHandler
                0x000000000800087c                DMA1_Stream2_IRQHandler
                0x000000000800087c                FPU_IRQHandler
                0x000000000800087c                DMA2_Stream2_IRQHandler
                0x000000000800087c                SPI1_IRQHandler
                0x000000000800087c                TIM1_BRK_TIM9_IRQHandler
                0x000000000800087c                DMA2_Stream3_IRQHandler
                0x000000000800087c                USART6_IRQHandler
                0x000000000800087c                DMA2_Stream0_IRQHandler
                0x000000000800087c                TIM4_IRQHandler
                0x000000000800087c                I2C1_EV_IRQHandler
                0x000000000800087c                DMA1_Stream6_IRQHandler
                0x000000000800087c                DMA1_Stream1_IRQHandler
                0x000000000800087c                TIM3_IRQHandler
                0x000000000800087c                RCC_IRQHandler
                0x000000000800087c                Default_Handler
                0x000000000800087c                EXTI15_10_IRQHandler
                0x000000000800087c                ADC_IRQHandler
                0x000000000800087c                DMA1_Stream7_IRQHandler
                0x000000000800087c                SPI5_IRQHandler
                0x000000000800087c                TIM5_IRQHandler
                0x000000000800087c                DMA2_Stream7_IRQHandler
                0x000000000800087c                I2C3_EV_IRQHandler
                0x000000000800087c                EXTI9_5_IRQHandler
                0x000000000800087c                RTC_WKUP_IRQHandler
                0x000000000800087c                SPI2_IRQHandler
                0x000000000800087c                DMA1_Stream0_IRQHandler
                0x000000000800087c                EXTI4_IRQHandler
                0x000000000800087c                WWDG_IRQHandler
                0x000000000800087c                TIM2_IRQHandler
                0x000000000800087c                OTG_FS_WKUP_IRQHandler
                0x000000000800087c                TIM1_TRG_COM_TIM11_IRQHandler
                0x000000000800087c                EXTI1_IRQHandler
                0x000000000800087c                USART2_IRQHandler
                0x000000000800087c                I2C2_ER_IRQHandler
                0x000000000800087c                DMA2_Stream1_IRQHandler
                0x000000000800087c                FLASH_IRQHandler
                0x000000000800087c                DMA2_Stream4_IRQHandler
                0x000000000800087c                USART1_IRQHandler
                0x000000000800087c                OTG_FS_IRQHandler
                0x000000000800087c                SPI3_IRQHandler
                0x000000000800087c                DMA1_Stream4_IRQHandler
                0x000000000800087c                I2C1_ER_IRQHandler
                0x000000000800087c                DMA2_Stream6_IRQHandler
                0x000000000800087c                DMA1_Stream3_IRQHandler
 *fill*         0x000000000800087e        0x2 
 .text.HAL_Init
                0x0000000008000880       0x44 ./Drivers/STM32F4xx_HAL_Driver/Src/stm32f4xx_hal.o
                0x0000000008000880                HAL_Init
 .text.HAL_InitTick
                0x00000000080008c4       0x60 ./Drivers/STM32F4xx_HAL_Driver/Src/stm32f4xx_hal.o
                0x00000000080008c4                HAL_InitTick
 .text.HAL_IncTick
                0x0000000008000924       0x28 ./Drivers/STM32F4xx_HAL_Driver/Src/stm32f4xx_hal.o
                0x0000000008000924                HAL_IncTick
 .text.HAL_GetTick
                0x000000000800094c       0x18 ./Drivers/STM32F4xx_HAL_Driver/Src/stm32f4xx_hal.o
                0x000000000800094c                HAL_GetTick
 .text.__NVIC_SetPriorityGrouping
                0x0000000008000964       0x48 ./Drivers/STM32F4xx_HAL_Driver/Src/stm32f4xx_hal_cortex.o
 .text.__NVIC_GetPriorityGrouping
                0x00000000080009ac       0x1c ./Drivers/STM32F4xx_HAL_Driver/Src/stm32f4xx_hal_cortex.o
 .text.__NVIC_SetPriority
                0x00000000080009c8       0x54 ./Drivers/STM32F4xx_HAL_Driver/Src/stm32f4xx_hal_cortex.o
 .text.NVIC_EncodePriority
                0x0000000008000a1c       0x66 ./Drivers/STM32F4xx_HAL_Driver/Src/stm32f4xx_hal_cortex.o
 *fill*         0x0000000008000a82        0x2 
 .text.SysTick_Config
                0x0000000008000a84       0x44 ./Drivers/STM32F4xx_HAL_Driver/Src/stm32f4xx_hal_cortex.o
 .text.HAL_NVIC_SetPriorityGrouping
                0x0000000008000ac8       0x16 ./Drivers/STM32F4xx_HAL_Driver/Src/stm32f4xx_hal_cortex.o
                0x0000000008000ac8                HAL_NVIC_SetPriorityGrouping
 .text.HAL_NVIC_SetPriority
                0x0000000008000ade       0x38 ./Drivers/STM32F4xx_HAL_Driver/Src/stm32f4xx_hal_cortex.o
                0x0000000008000ade                HAL_NVIC_SetPriority
 .text.HAL_SYSTICK_Config
                0x0000000008000b16       0x18 ./Drivers/STM32F4xx_HAL_Driver/Src/stm32f4xx_hal_cortex.o
                0x0000000008000b16                HAL_SYSTICK_Config
 *fill*         0x0000000008000b2e        0x2 
 .text.HAL_GPIO_Init
                0x0000000008000b30      0x308 ./Drivers/STM32F4xx_HAL_Driver/Src/stm32f4xx_hal_gpio.o
                0x0000000008000b30                HAL_GPIO_Init
 .text.HAL_GPIO_WritePin
                0x0000000008000e38       0x32 ./Drivers/STM32F4xx_HAL_Driver/Src/stm32f4xx_hal_gpio.o
                0x0000000008000e38                HAL_GPIO_WritePin
 .text.HAL_GPIO_TogglePin
                0x0000000008000e6a       0x34 ./Drivers/STM32F4xx_HAL_Driver/Src/stm32f4xx_hal_gpio.o
                0x0000000008000e6a                HAL_GPIO_TogglePin
 *fill*         0x0000000008000e9e        0x2 
 .text.HAL_RCC_OscConfig
                0x0000000008000ea0      0x4f0 ./Drivers/STM32F4xx_HAL_Driver/Src/stm32f4xx_hal_rcc.o
                0x0000000008000ea0                HAL_RCC_OscConfig
 .text.HAL_RCC_ClockConfig
                0x0000000008001390      0x1cc ./Drivers/STM32F4xx_HAL_Driver/Src/stm32f4xx_hal_rcc.o
                0x0000000008001390                HAL_RCC_ClockConfig
 .text.HAL_RCC_GetSysClockFreq
                0x000000000800155c      0x20c ./Drivers/STM32F4xx_HAL_Driver/Src/stm32f4xx_hal_rcc.o
                0x000000000800155c                HAL_RCC_GetSysClockFreq
 .text.HAL_RCC_GetHCLKFreq
                0x0000000008001768       0x18 ./Drivers/STM32F4xx_HAL_Driver/Src/stm32f4xx_hal_rcc.o
                0x0000000008001768                HAL_RCC_GetHCLKFreq
 .text.__libc_init_array
                0x0000000008001780       0x48 c:/st/stm32cubeide_1.10.1/stm32cubeide/plugins/com.st.stm32cube.ide.mcu.externaltools.gnu-tools-for-stm32.10.3-2021.10.win32_1.0.0.202111181127/tools/bin/../lib/gcc/arm-none-eabi/10.3.1/../../../../arm-none-eabi/lib/thumb/v7e-m+fp/hard\libc_nano.a(lib_a-init.o)
                0x0000000008001780                __libc_init_array
 .text.memset   0x00000000080017c8       0x10 c:/st/stm32cubeide_1.10.1/stm32cubeide/plugins/com.st.stm32cube.ide.mcu.externaltools.gnu-tools-for-stm32.10.3-2021.10.win32_1.0.0.202111181127/tools/bin/../lib/gcc/arm-none-eabi/10.3.1/../../../../arm-none-eabi/lib/thumb/v7e-m+fp/hard\libc_nano.a(lib_a-memset.o)
                0x00000000080017c8                memset
 *(.glue_7)
 .glue_7        0x00000000080017d8        0x0 linker stubs
 *(.glue_7t)
 .glue_7t       0x00000000080017d8        0x0 linker stubs
 *(.eh_frame)
 .eh_frame      0x00000000080017d8        0x0 c:/st/stm32cubeide_1.10.1/stm32cubeide/plugins/com.st.stm32cube.ide.mcu.externaltools.gnu-tools-for-stm32.10.3-2021.10.win32_1.0.0.202111181127/tools/bin/../lib/gcc/arm-none-eabi/10.3.1/thumb/v7e-m+fp/hard/crtbegin.o
 *(.init)
 .init          0x00000000080017d8        0x4 c:/st/stm32cubeide_1.10.1/stm32cubeide/plugins/com.st.stm32cube.ide.mcu.externaltools.gnu-tools-for-stm32.10.3-2021.10.win32_1.0.0.202111181127/tools/bin/../lib/gcc/arm-none-eabi/10.3.1/thumb/v7e-m+fp/hard/crti.o
                0x00000000080017d8                _init
 .init          0x00000000080017dc        0x8 c:/st/stm32cubeide_1.10.1/stm32cubeide/plugins/com.st.stm32cube.ide.mcu.externaltools.gnu-tools-for-stm32.10.3-2021.10.win32_1.0.0.202111181127/tools/bin/../lib/gcc/arm-none-eabi/10.3.1/thumb/v7e-m+fp/hard/crtn.o
 *(.fini)
 .fini          0x00000000080017e4        0x4 c:/st/stm32cubeide_1.10.1/stm32cubeide/plugins/com.st.stm32cube.ide.mcu.externaltools.gnu-tools-for-stm32.10.3-2021.10.win32_1.0.0.202111181127/tools/bin/../lib/gcc/arm-none-eabi/10.3.1/thumb/v7e-m+fp/hard/crti.o
                0x00000000080017e4                _fini
 .fini          0x00000000080017e8        0x8 c:/st/stm32cubeide_1.10.1/stm32cubeide/plugins/com.st.stm32cube.ide.mcu.externaltools.gnu-tools-for-stm32.10.3-2021.10.win32_1.0.0.202111181127/tools/bin/../lib/gcc/arm-none-eabi/10.3.1/thumb/v7e-m+fp/hard/crtn.o
                0x00000000080017f0                . = ALIGN (0x4)
                0x00000000080017f0                _etext = .

.vfp11_veneer   0x00000000080017f0        0x0
 .vfp11_veneer  0x00000000080017f0        0x0 linker stubs

.v4_bx          0x00000000080017f0        0x0
 .v4_bx         0x00000000080017f0        0x0 linker stubs

.iplt           0x00000000080017f0        0x0
 .iplt          0x00000000080017f0        0x0 c:/st/stm32cubeide_1.10.1/stm32cubeide/plugins/com.st.stm32cube.ide.mcu.externaltools.gnu-tools-for-stm32.10.3-2021.10.win32_1.0.0.202111181127/tools/bin/../lib/gcc/arm-none-eabi/10.3.1/thumb/v7e-m+fp/hard/crtbegin.o

.rodata         0x00000000080017f0       0x10
                0x00000000080017f0                . = ALIGN (0x4)
 *(.rodata)
 *(.rodata*)
 .rodata.AHBPrescTable
                0x00000000080017f0       0x10 ./Core/Src/system_stm32f4xx.o
                0x00000000080017f0                AHBPrescTable
                0x0000000008001800                . = ALIGN (0x4)

.ARM.extab      0x0000000008001800        0x0
                0x0000000008001800                . = ALIGN (0x4)
 *(.ARM.extab* .gnu.linkonce.armextab.*)
                0x0000000008001800                . = ALIGN (0x4)

.ARM            0x0000000008001800        0x8
                0x0000000008001800                . = ALIGN (0x4)
                0x0000000008001800                __exidx_start = .
 *(.ARM.exidx*)
 .ARM.exidx     0x0000000008001800        0x8 c:/st/stm32cubeide_1.10.1/stm32cubeide/plugins/com.st.stm32cube.ide.mcu.externaltools.gnu-tools-for-stm32.10.3-2021.10.win32_1.0.0.202111181127/tools/bin/../lib/gcc/arm-none-eabi/10.3.1/thumb/v7e-m+fp/hard\libgcc.a(_udivmoddi4.o)
                0x0000000008001808                __exidx_end = .
                0x0000000008001808                . = ALIGN (0x4)

.rel.dyn        0x0000000008001808        0x0
 .rel.iplt      0x0000000008001808        0x0 c:/st/stm32cubeide_1.10.1/stm32cubeide/plugins/com.st.stm32cube.ide.mcu.externaltools.gnu-tools-for-stm32.10.3-2021.10.win32_1.0.0.202111181127/tools/bin/../lib/gcc/arm-none-eabi/10.3.1/thumb/v7e-m+fp/hard/crtbegin.o

.preinit_array  0x0000000008001808        0x0
                0x0000000008001808                . = ALIGN (0x4)
                0x0000000008001808                PROVIDE (__preinit_array_start = .)
 *(.preinit_array*)
                0x0000000008001808                PROVIDE (__preinit_array_end = .)
                0x0000000008001808                . = ALIGN (0x4)

.init_array     0x0000000008001808        0x4
                0x0000000008001808                . = ALIGN (0x4)
                0x0000000008001808                PROVIDE (__init_array_start = .)
 *(SORT_BY_NAME(.init_array.*))
 *(.init_array*)
 .init_array    0x0000000008001808        0x4 c:/st/stm32cubeide_1.10.1/stm32cubeide/plugins/com.st.stm32cube.ide.mcu.externaltools.gnu-tools-for-stm32.10.3-2021.10.win32_1.0.0.202111181127/tools/bin/../lib/gcc/arm-none-eabi/10.3.1/thumb/v7e-m+fp/hard/crtbegin.o
                0x000000000800180c                PROVIDE (__init_array_end = .)
                0x000000000800180c                . = ALIGN (0x4)

.fini_array     0x000000000800180c        0x4
                0x000000000800180c                . = ALIGN (0x4)
                [!provide]                        PROVIDE (__fini_array_start = .)
 *(SORT_BY_NAME(.fini_array.*))
 *(.fini_array*)
 .fini_array    0x000000000800180c        0x4 c:/st/stm32cubeide_1.10.1/stm32cubeide/plugins/com.st.stm32cube.ide.mcu.externaltools.gnu-tools-for-stm32.10.3-2021.10.win32_1.0.0.202111181127/tools/bin/../lib/gcc/arm-none-eabi/10.3.1/thumb/v7e-m+fp/hard/crtbegin.o
                [!provide]                        PROVIDE (__fini_array_end = .)
                0x0000000008001810                . = ALIGN (0x4)
                0x0000000008001810                _sidata = LOADADDR (.data)

.data           0x0000000020000000        0xc load address 0x0000000008001810
                0x0000000020000000                . = ALIGN (0x4)
                0x0000000020000000                _sdata = .
 *(.data)
 *(.data*)
 .data.SystemCoreClock
                0x0000000020000000        0x4 ./Core/Src/system_stm32f4xx.o
                0x0000000020000000                SystemCoreClock
 .data.uwTickPrio
                0x0000000020000004        0x4 ./Drivers/STM32F4xx_HAL_Driver/Src/stm32f4xx_hal.o
                0x0000000020000004                uwTickPrio
 .data.uwTickFreq
                0x0000000020000008        0x1 ./Drivers/STM32F4xx_HAL_Driver/Src/stm32f4xx_hal.o
                0x0000000020000008                uwTickFreq
 *(.RamFunc)
 *(.RamFunc*)
                0x000000002000000c                . = ALIGN (0x4)
 *fill*         0x0000000020000009        0x3 
                0x000000002000000c                _edata = .

.igot.plt       0x000000002000000c        0x0 load address 0x000000000800181c
 .igot.plt      0x000000002000000c        0x0 c:/st/stm32cubeide_1.10.1/stm32cubeide/plugins/com.st.stm32cube.ide.mcu.externaltools.gnu-tools-for-stm32.10.3-2021.10.win32_1.0.0.202111181127/tools/bin/../lib/gcc/arm-none-eabi/10.3.1/thumb/v7e-m+fp/hard/crtbegin.o
                0x000000002000000c                . = ALIGN (0x4)

.bss            0x000000002000000c       0x20 load address 0x000000000800181c
                0x000000002000000c                _sbss = .
                0x000000002000000c                __bss_start__ = _sbss
 *(.bss)
 .bss           0x000000002000000c       0x1c c:/st/stm32cubeide_1.10.1/stm32cubeide/plugins/com.st.stm32cube.ide.mcu.externaltools.gnu-tools-for-stm32.10.3-2021.10.win32_1.0.0.202111181127/tools/bin/../lib/gcc/arm-none-eabi/10.3.1/thumb/v7e-m+fp/hard/crtbegin.o
 *(.bss*)
 .bss.uwTick    0x0000000020000028        0x4 ./Drivers/STM32F4xx_HAL_Driver/Src/stm32f4xx_hal.o
                0x0000000020000028                uwTick
 *(COMMON)
                0x000000002000002c                . = ALIGN (0x4)
                0x000000002000002c                _ebss = .
                0x000000002000002c                __bss_end__ = _ebss

._user_heap_stack
                0x000000002000002c      0x604 load address 0x000000000800181c
                0x0000000020000030                . = ALIGN (0x8)
 *fill*         0x000000002000002c        0x4 
                [!provide]                        PROVIDE (end = .)
                0x0000000020000030                PROVIDE (_end = .)
                0x0000000020000230                . = (. + _Min_Heap_Size)
 *fill*         0x0000000020000030      0x200 
                0x0000000020000630                . = (. + _Min_Stack_Size)
 *fill*         0x0000000020000230      0x400 
                0x0000000020000630                . = ALIGN (0x8)

/DISCARD/
 libc.a(*)
 libm.a(*)
 libgcc.a(*)

.ARM.attributes
                0x0000000000000000       0x30
 *(.ARM.attributes)
 .ARM.attributes
                0x0000000000000000       0x1e c:/st/stm32cubeide_1.10.1/stm32cubeide/plugins/com.st.stm32cube.ide.mcu.externaltools.gnu-tools-for-stm32.10.3-2021.10.win32_1.0.0.202111181127/tools/bin/../lib/gcc/arm-none-eabi/10.3.1/thumb/v7e-m+fp/hard/crti.o
 .ARM.attributes
                0x000000000000001e       0x34 c:/st/stm32cubeide_1.10.1/stm32cubeide/plugins/com.st.stm32cube.ide.mcu.externaltools.gnu-tools-for-stm32.10.3-2021.10.win32_1.0.0.202111181127/tools/bin/../lib/gcc/arm-none-eabi/10.3.1/thumb/v7e-m+fp/hard/crtbegin.o
 .ARM.attributes
                0x0000000000000052       0x34 ./Core/Src/main.o
 .ARM.attributes
                0x0000000000000086       0x34 ./Core/Src/stm32f4xx_hal_msp.o
 .ARM.attributes
                0x00000000000000ba       0x34 ./Core/Src/stm32f4xx_it.o
 .ARM.attributes
                0x00000000000000ee       0x34 ./Core/Src/system_stm32f4xx.o
 .ARM.attributes
                0x0000000000000122       0x34 ./Core/Src/util/DWT_Delay.o
 .ARM.attributes
                0x0000000000000156       0x21 ./Core/Startup/startup_stm32f411retx.o
 .ARM.attributes
                0x0000000000000177       0x34 ./Drivers/STM32F4xx_HAL_Driver/Src/stm32f4xx_hal.o
 .ARM.attributes
                0x00000000000001ab       0x34 ./Drivers/STM32F4xx_HAL_Driver/Src/stm32f4xx_hal_cortex.o
 .ARM.attributes
                0x00000000000001df       0x34 ./Drivers/STM32F4xx_HAL_Driver/Src/stm32f4xx_hal_gpio.o
 .ARM.attributes
                0x0000000000000213       0x34 ./Drivers/STM32F4xx_HAL_Driver/Src/stm32f4xx_hal_rcc.o
 .ARM.attributes
                0x0000000000000247       0x34 c:/st/stm32cubeide_1.10.1/stm32cubeide/plugins/com.st.stm32cube.ide.mcu.externaltools.gnu-tools-for-stm32.10.3-2021.10.win32_1.0.0.202111181127/tools/bin/../lib/gcc/arm-none-eabi/10.3.1/../../../../arm-none-eabi/lib/thumb/v7e-m+fp/hard\libc_nano.a(lib_a-init.o)
 .ARM.attributes
                0x000000000000027b       0x34 c:/st/stm32cubeide_1.10.1/stm32cubeide/plugins/com.st.stm32cube.ide.mcu.externaltools.gnu-tools-for-stm32.10.3-2021.10.win32_1.0.0.202111181127/tools/bin/../lib/gcc/arm-none-eabi/10.3.1/../../../../arm-none-eabi/lib/thumb/v7e-m+fp/hard\libc_nano.a(lib_a-memset.o)
 .ARM.attributes
                0x00000000000002af       0x1e c:/st/stm32cubeide_1.10.1/stm32cubeide/plugins/com.st.stm32cube.ide.mcu.externaltools.gnu-tools-for-stm32.10.3-2021.10.win32_1.0.0.202111181127/tools/bin/../lib/gcc/arm-none-eabi/10.3.1/thumb/v7e-m+fp/hard\libgcc.a(_aeabi_uldivmod.o)
 .ARM.attributes
                0x00000000000002cd       0x34 c:/st/stm32cubeide_1.10.1/stm32cubeide/plugins/com.st.stm32cube.ide.mcu.externaltools.gnu-tools-for-stm32.10.3-2021.10.win32_1.0.0.202111181127/tools/bin/../lib/gcc/arm-none-eabi/10.3.1/thumb/v7e-m+fp/hard\libgcc.a(_udivmoddi4.o)
 .ARM.attributes
                0x0000000000000301       0x1e c:/st/stm32cubeide_1.10.1/stm32cubeide/plugins/com.st.stm32cube.ide.mcu.externaltools.gnu-tools-for-stm32.10.3-2021.10.win32_1.0.0.202111181127/tools/bin/../lib/gcc/arm-none-eabi/10.3.1/thumb/v7e-m+fp/hard\libgcc.a(_dvmd_tls.o)
 .ARM.attributes
                0x000000000000031f       0x1e c:/st/stm32cubeide_1.10.1/stm32cubeide/plugins/com.st.stm32cube.ide.mcu.externaltools.gnu-tools-for-stm32.10.3-2021.10.win32_1.0.0.202111181127/tools/bin/../lib/gcc/arm-none-eabi/10.3.1/thumb/v7e-m+fp/hard/crtn.o
OUTPUT(DWT_Delay_and_Timer_Delay.elf elf32-littlearm)
LOAD linker stubs
LOAD c:/st/stm32cubeide_1.10.1/stm32cubeide/plugins/com.st.stm32cube.ide.mcu.externaltools.gnu-tools-for-stm32.10.3-2021.10.win32_1.0.0.202111181127/tools/bin/../lib/gcc/arm-none-eabi/10.3.1/../../../../arm-none-eabi/lib/thumb/v7e-m+fp/hard\libc.a
LOAD c:/st/stm32cubeide_1.10.1/stm32cubeide/plugins/com.st.stm32cube.ide.mcu.externaltools.gnu-tools-for-stm32.10.3-2021.10.win32_1.0.0.202111181127/tools/bin/../lib/gcc/arm-none-eabi/10.3.1/../../../../arm-none-eabi/lib/thumb/v7e-m+fp/hard\libm.a
LOAD c:/st/stm32cubeide_1.10.1/stm32cubeide/plugins/com.st.stm32cube.ide.mcu.externaltools.gnu-tools-for-stm32.10.3-2021.10.win32_1.0.0.202111181127/tools/bin/../lib/gcc/arm-none-eabi/10.3.1/thumb/v7e-m+fp/hard\libgcc.a

.debug_info     0x0000000000000000     0x4355
 .debug_info    0x0000000000000000      0x9af ./Core/Src/main.o
 .debug_info    0x00000000000009af      0x8f8 ./Core/Src/stm32f4xx_hal_msp.o
 .debug_info    0x00000000000012a7      0x121 ./Core/Src/stm32f4xx_it.o
 .debug_info    0x00000000000013c8      0x54f ./Core/Src/system_stm32f4xx.o
 .debug_info    0x0000000000001917      0x269 ./Core/Src/util/DWT_Delay.o
 .debug_info    0x0000000000001b80       0x22 ./Core/Startup/startup_stm32f411retx.o
 .debug_info    0x0000000000001ba2      0x90d ./Drivers/STM32F4xx_HAL_Driver/Src/stm32f4xx_hal.o
 .debug_info    0x00000000000024af      0xd8b ./Drivers/STM32F4xx_HAL_Driver/Src/stm32f4xx_hal_cortex.o
 .debug_info    0x000000000000323a      0x78e ./Drivers/STM32F4xx_HAL_Driver/Src/stm32f4xx_hal_gpio.o
 .debug_info    0x00000000000039c8      0x98d ./Drivers/STM32F4xx_HAL_Driver/Src/stm32f4xx_hal_rcc.o

.debug_abbrev   0x0000000000000000      0xfc6
 .debug_abbrev  0x0000000000000000      0x22f ./Core/Src/main.o
 .debug_abbrev  0x000000000000022f      0x192 ./Core/Src/stm32f4xx_hal_msp.o
 .debug_abbrev  0x00000000000003c1       0x74 ./Core/Src/stm32f4xx_it.o
 .debug_abbrev  0x0000000000000435      0x116 ./Core/Src/system_stm32f4xx.o
 .debug_abbrev  0x000000000000054b       0xa7 ./Core/Src/util/DWT_Delay.o
 .debug_abbrev  0x00000000000005f2       0x12 ./Core/Startup/startup_stm32f411retx.o
 .debug_abbrev  0x0000000000000604      0x23e ./Drivers/STM32F4xx_HAL_Driver/Src/stm32f4xx_hal.o
 .debug_abbrev  0x0000000000000842      0x316 ./Drivers/STM32F4xx_HAL_Driver/Src/stm32f4xx_hal_cortex.o
 .debug_abbrev  0x0000000000000b58      0x1c4 ./Drivers/STM32F4xx_HAL_Driver/Src/stm32f4xx_hal_gpio.o
 .debug_abbrev  0x0000000000000d1c      0x2aa ./Drivers/STM32F4xx_HAL_Driver/Src/stm32f4xx_hal_rcc.o

.debug_aranges  0x0000000000000000      0x430
 .debug_aranges
                0x0000000000000000       0x48 ./Core/Src/main.o
 .debug_aranges
                0x0000000000000048       0x30 ./Core/Src/stm32f4xx_hal_msp.o
 .debug_aranges
                0x0000000000000078       0x60 ./Core/Src/stm32f4xx_it.o
 .debug_aranges
                0x00000000000000d8       0x28 ./Core/Src/system_stm32f4xx.o
 .debug_aranges
                0x0000000000000100       0x20 ./Core/Src/util/DWT_Delay.o
 .debug_aranges
                0x0000000000000120       0x28 ./Core/Startup/startup_stm32f411retx.o
 .debug_aranges
                0x0000000000000148       0xf0 ./Drivers/STM32F4xx_HAL_Driver/Src/stm32f4xx_hal.o
 .debug_aranges
                0x0000000000000238      0x118 ./Drivers/STM32F4xx_HAL_Driver/Src/stm32f4xx_hal_cortex.o
 .debug_aranges
                0x0000000000000350       0x58 ./Drivers/STM32F4xx_HAL_Driver/Src/stm32f4xx_hal_gpio.o
 .debug_aranges
                0x00000000000003a8       0x88 ./Drivers/STM32F4xx_HAL_Driver/Src/stm32f4xx_hal_rcc.o

.debug_ranges   0x0000000000000000      0x398
 .debug_ranges  0x0000000000000000       0x38 ./Core/Src/main.o
 .debug_ranges  0x0000000000000038       0x20 ./Core/Src/stm32f4xx_hal_msp.o
 .debug_ranges  0x0000000000000058       0x50 ./Core/Src/stm32f4xx_it.o
 .debug_ranges  0x00000000000000a8       0x18 ./Core/Src/system_stm32f4xx.o
 .debug_ranges  0x00000000000000c0       0x10 ./Core/Src/util/DWT_Delay.o
 .debug_ranges  0x00000000000000d0       0x20 ./Core/Startup/startup_stm32f411retx.o
 .debug_ranges  0x00000000000000f0       0xe0 ./Drivers/STM32F4xx_HAL_Driver/Src/stm32f4xx_hal.o
 .debug_ranges  0x00000000000001d0      0x108 ./Drivers/STM32F4xx_HAL_Driver/Src/stm32f4xx_hal_cortex.o
 .debug_ranges  0x00000000000002d8       0x48 ./Drivers/STM32F4xx_HAL_Driver/Src/stm32f4xx_hal_gpio.o
 .debug_ranges  0x0000000000000320       0x78 ./Drivers/STM32F4xx_HAL_Driver/Src/stm32f4xx_hal_rcc.o

.debug_macro    0x0000000000000000    0x14eb8
 .debug_macro   0x0000000000000000      0x1e1 ./Core/Src/main.o
 .debug_macro   0x00000000000001e1      0xa78 ./Core/Src/main.o
 .debug_macro   0x0000000000000c59      0x295 ./Core/Src/main.o
 .debug_macro   0x0000000000000eee       0x2e ./Core/Src/main.o
 .debug_macro   0x0000000000000f1c       0x28 ./Core/Src/main.o
 .debug_macro   0x0000000000000f44       0x22 ./Core/Src/main.o
 .debug_macro   0x0000000000000f66       0x8e ./Core/Src/main.o
 .debug_macro   0x0000000000000ff4       0x51 ./Core/Src/main.o
 .debug_macro   0x0000000000001045      0x103 ./Core/Src/main.o
 .debug_macro   0x0000000000001148       0x6a ./Core/Src/main.o
 .debug_macro   0x00000000000011b2      0x1df ./Core/Src/main.o
 .debug_macro   0x0000000000001391       0x1c ./Core/Src/main.o
 .debug_macro   0x00000000000013ad       0x22 ./Core/Src/main.o
 .debug_macro   0x00000000000013cf       0xd9 ./Core/Src/main.o
 .debug_macro   0x00000000000014a8     0x102d ./Core/Src/main.o
 .debug_macro   0x00000000000024d5      0x11f ./Core/Src/main.o
 .debug_macro   0x00000000000025f4     0xb953 ./Core/Src/main.o
 .debug_macro   0x000000000000df47       0x6d ./Core/Src/main.o
 .debug_macro   0x000000000000dfb4     0x367e ./Core/Src/main.o
 .debug_macro   0x0000000000011632      0x174 ./Core/Src/main.o
 .debug_macro   0x00000000000117a6       0x5c ./Core/Src/main.o
 .debug_macro   0x0000000000011802      0x447 ./Core/Src/main.o
 .debug_macro   0x0000000000011c49      0x9fe ./Core/Src/main.o
 .debug_macro   0x0000000000012647      0x115 ./Core/Src/main.o
 .debug_macro   0x000000000001275c      0x11b ./Core/Src/main.o
 .debug_macro   0x0000000000012877       0xa5 ./Core/Src/main.o
 .debug_macro   0x000000000001291c      0x15f ./Core/Src/main.o
 .debug_macro   0x0000000000012a7b      0x287 ./Core/Src/main.o
 .debug_macro   0x0000000000012d02       0x5f ./Core/Src/main.o
 .debug_macro   0x0000000000012d61      0x236 ./Core/Src/main.o
 .debug_macro   0x0000000000012f97      0x132 ./Core/Src/main.o
 .debug_macro   0x00000000000130c9      0x264 ./Core/Src/main.o
 .debug_macro   0x000000000001332d       0x2e ./Core/Src/main.o
 .debug_macro   0x000000000001335b      0x11a ./Core/Src/main.o
 .debug_macro   0x0000000000013475       0x85 ./Core/Src/main.o
 .debug_macro   0x00000000000134fa       0x89 ./Core/Src/main.o
 .debug_macro   0x0000000000013583      0x8e6 ./Core/Src/main.o
 .debug_macro   0x0000000000013e69       0x47 ./Core/Src/main.o
 .debug_macro   0x0000000000013eb0      0x126 ./Core/Src/main.o
 .debug_macro   0x0000000000013fd6       0x10 ./Core/Src/main.o
 .debug_macro   0x0000000000013fe6      0x1ce ./Core/Src/stm32f4xx_hal_msp.o
 .debug_macro   0x00000000000141b4      0x1d8 ./Core/Src/stm32f4xx_it.o
 .debug_macro   0x000000000001438c      0x1c4 ./Core/Src/system_stm32f4xx.o
 .debug_macro   0x0000000000014550      0x1ce ./Core/Src/util/DWT_Delay.o
 .debug_macro   0x000000000001471e      0x224 ./Drivers/STM32F4xx_HAL_Driver/Src/stm32f4xx_hal.o
 .debug_macro   0x0000000000014942      0x1c4 ./Drivers/STM32F4xx_HAL_Driver/Src/stm32f4xx_hal_cortex.o
 .debug_macro   0x0000000000014b06      0x1ca ./Drivers/STM32F4xx_HAL_Driver/Src/stm32f4xx_hal_gpio.o
 .debug_macro   0x0000000000014cd0      0x1e8 ./Drivers/STM32F4xx_HAL_Driver/Src/stm32f4xx_hal_rcc.o

.debug_line     0x0000000000000000     0x5232
 .debug_line    0x0000000000000000      0x7f5 ./Core/Src/main.o
 .debug_line    0x00000000000007f5      0x6db ./Core/Src/stm32f4xx_hal_msp.o
 .debug_line    0x0000000000000ed0      0x766 ./Core/Src/stm32f4xx_it.o
 .debug_line    0x0000000000001636      0x725 ./Core/Src/system_stm32f4xx.o
 .debug_line    0x0000000000001d5b      0x6c0 ./Core/Src/util/DWT_Delay.o
 .debug_line    0x000000000000241b       0x88 ./Core/Startup/startup_stm32f411retx.o
 .debug_line    0x00000000000024a3      0x98b ./Drivers/STM32F4xx_HAL_Driver/Src/stm32f4xx_hal.o
 .debug_line    0x0000000000002e2e      0xc3a ./Drivers/STM32F4xx_HAL_Driver/Src/stm32f4xx_hal_cortex.o
 .debug_line    0x0000000000003a68      0xac3 ./Drivers/STM32F4xx_HAL_Driver/Src/stm32f4xx_hal_gpio.o
 .debug_line    0x000000000000452b      0xd07 ./Drivers/STM32F4xx_HAL_Driver/Src/stm32f4xx_hal_rcc.o

.debug_str      0x0000000000000000    0x86580
 .debug_str     0x0000000000000000    0x84e0d ./Core/Src/main.o
                                      0x8509f (size before relaxing)
 .debug_str     0x0000000000084e0d      0x508 ./Core/Src/stm32f4xx_hal_msp.o
                                      0x85188 (size before relaxing)
 .debug_str     0x0000000000085315       0xc9 ./Core/Src/stm32f4xx_it.o
                                      0x84ba5 (size before relaxing)
 .debug_str     0x00000000000853de       0xdb ./Core/Src/system_stm32f4xx.o
                                      0x84ce1 (size before relaxing)
 .debug_str     0x00000000000854b9       0x44 ./Core/Src/util/DWT_Delay.o
                                      0x84bfd (size before relaxing)
 .debug_str     0x00000000000854fd       0x36 ./Core/Startup/startup_stm32f411retx.o
                                         0x83 (size before relaxing)
 .debug_str     0x0000000000085533      0x9bd ./Drivers/STM32F4xx_HAL_Driver/Src/stm32f4xx_hal.o
                                      0x8570d (size before relaxing)
 .debug_str     0x0000000000085ef0      0x353 ./Drivers/STM32F4xx_HAL_Driver/Src/stm32f4xx_hal_cortex.o
                                      0x8542e (size before relaxing)
 .debug_str     0x0000000000086243      0x11e ./Drivers/STM32F4xx_HAL_Driver/Src/stm32f4xx_hal_gpio.o
                                      0x84e5c (size before relaxing)
 .debug_str     0x0000000000086361      0x21f ./Drivers/STM32F4xx_HAL_Driver/Src/stm32f4xx_hal_rcc.o
                                      0x85115 (size before relaxing)

.comment        0x0000000000000000       0x50
 .comment       0x0000000000000000       0x50 ./Core/Src/main.o
                                         0x51 (size before relaxing)
 .comment       0x0000000000000050       0x51 ./Core/Src/stm32f4xx_hal_msp.o
 .comment       0x0000000000000050       0x51 ./Core/Src/stm32f4xx_it.o
 .comment       0x0000000000000050       0x51 ./Core/Src/system_stm32f4xx.o
 .comment       0x0000000000000050       0x51 ./Core/Src/util/DWT_Delay.o
 .comment       0x0000000000000050       0x51 ./Drivers/STM32F4xx_HAL_Driver/Src/stm32f4xx_hal.o
 .comment       0x0000000000000050       0x51 ./Drivers/STM32F4xx_HAL_Driver/Src/stm32f4xx_hal_cortex.o
 .comment       0x0000000000000050       0x51 ./Drivers/STM32F4xx_HAL_Driver/Src/stm32f4xx_hal_gpio.o
 .comment       0x0000000000000050       0x51 ./Drivers/STM32F4xx_HAL_Driver/Src/stm32f4xx_hal_rcc.o

.debug_frame    0x0000000000000000      0xee4
 .debug_frame   0x0000000000000000       0xd8 ./Core/Src/main.o
 .debug_frame   0x00000000000000d8       0x88 ./Core/Src/stm32f4xx_hal_msp.o
 .debug_frame   0x0000000000000160      0x104 ./Core/Src/stm32f4xx_it.o
 .debug_frame   0x0000000000000264       0x58 ./Core/Src/system_stm32f4xx.o
 .debug_frame   0x00000000000002bc       0x30 ./Core/Src/util/DWT_Delay.o
 .debug_frame   0x00000000000002ec      0x374 ./Drivers/STM32F4xx_HAL_Driver/Src/stm32f4xx_hal.o
 .debug_frame   0x0000000000000660      0x498 ./Drivers/STM32F4xx_HAL_Driver/Src/stm32f4xx_hal_cortex.o
 .debug_frame   0x0000000000000af8      0x14c ./Drivers/STM32F4xx_HAL_Driver/Src/stm32f4xx_hal_gpio.o
 .debug_frame   0x0000000000000c44      0x1f4 ./Drivers/STM32F4xx_HAL_Driver/Src/stm32f4xx_hal_rcc.o
 .debug_frame   0x0000000000000e38       0x2c c:/st/stm32cubeide_1.10.1/stm32cubeide/plugins/com.st.stm32cube.ide.mcu.externaltools.gnu-tools-for-stm32.10.3-2021.10.win32_1.0.0.202111181127/tools/bin/../lib/gcc/arm-none-eabi/10.3.1/../../../../arm-none-eabi/lib/thumb/v7e-m+fp/hard\libc_nano.a(lib_a-init.o)
 .debug_frame   0x0000000000000e64       0x20 c:/st/stm32cubeide_1.10.1/stm32cubeide/plugins/com.st.stm32cube.ide.mcu.externaltools.gnu-tools-for-stm32.10.3-2021.10.win32_1.0.0.202111181127/tools/bin/../lib/gcc/arm-none-eabi/10.3.1/../../../../arm-none-eabi/lib/thumb/v7e-m+fp/hard\libc_nano.a(lib_a-memset.o)
 .debug_frame   0x0000000000000e84       0x2c c:/st/stm32cubeide_1.10.1/stm32cubeide/plugins/com.st.stm32cube.ide.mcu.externaltools.gnu-tools-for-stm32.10.3-2021.10.win32_1.0.0.202111181127/tools/bin/../lib/gcc/arm-none-eabi/10.3.1/thumb/v7e-m+fp/hard\libgcc.a(_aeabi_uldivmod.o)
 .debug_frame   0x0000000000000eb0       0x34 c:/st/stm32cubeide_1.10.1/stm32cubeide/plugins/com.st.stm32cube.ide.mcu.externaltools.gnu-tools-for-stm32.10.3-2021.10.win32_1.0.0.202111181127/tools/bin/../lib/gcc/arm-none-eabi/10.3.1/thumb/v7e-m+fp/hard\libgcc.a(_udivmoddi4.o)
